../misc/assert.ols
../misc/isalnum.ols
../misc/isalpha.ols
../misc/isascii.ols
../misc/iscntrl.ols
../misc/isdigit.ols
../misc/isgraph.ols
../misc/islower.ols
../misc/isprint.ols
../misc/ispunct.ols
../misc/isspace.ols
../misc/isupper.ols
../misc/isxdigit.ols
../misc/peek.ols
../misc/setjmp.ols
../misc/setlocal.ols
../misc/localeco.ols
../misc/toupper.ols
../stdio/clearerr.ols
../stdio/fdopen.ols
../stdio/feof.ols
../stdio/ferror.ols
../stdio/fgetc.ols
../stdio/fgetpos.ols
../stdio/fgets.ols
../stdio/format.ols
../stdio/fprintf.ols
../stdio/fread.ols
../stdio/freopen.ols
../stdio/fsetpos.ols
../stdio/ftell.ols
../stdio/fwrite.ols
../stdio/getchar.ols
../stdio/gets.ols
../stdio/getw.ols
../stdio/perror.ols
../stdio/fputs.ols
../stdio/printf.ols
../stdio/putchar.ols
../stdio/puts.ols
../stdio/putw.ols
../stdio/rename.ols
../stdio/rewind.ols
../stdio/fseek.ols
../stdio/scanf.ols
../stdio/fscanf.ols
../stdio/filbuf.ols
../stdio/setbuf.ols
../stdio/setvbuf.ols
../stdio/sscanf.ols
../stdio/scan.ols
../stdio/tmpfile.ols
../stdio/tmpnam.ols
../stdio/fopen.ols
../stdio/fileopen.ols
../stdio/remove.ols
../stdio/ungetc.ols
../stdio/vfprintf.ols
../stdio/vprintf.ols
../stdio/fputc.ols
../stdio/fclose.ols
../stdio/getbuf.ols
../stdio/vsprintf.ols
../stdlib/abort.ols
../misc/signal.ols
../stdlib/abs.ols
../stdlib/atexit.ols
../stdlib/atol.ols
../stdlib/bsearch.ols
../stdlib/calloc.ols
../stdlib/div.ols
../stdlib/labs.ols
../stdlib/ldiv.ols
../stdlib/mblen.ols
../stdlib/mbstowcs.ols
../stdlib/mbtowc.ols
../stdlib/qsort.ols
../stdlib/rand.ols
../stdlib/realloc.ols
../stdlib/strtol.ols
../stdlib/strtoul.ols
../misc/tolower.ols
../stdlib/system.ols
../stdlib/wcstombs.ols
../stdlib/wctomb.ols
../string/index.ols
../string/memchr.ols
../string/memcmp.ols
../string/memcpy.ols
../string/memmove.ols
../string/memset.ols
../string/movmem.ols
../string/rindex.ols
../string/setmem.ols
../string/strchr.ols
../string/stricmp.ols
../string/strnicmp.ols
../string/strcmp.ols
../string/strcoll.ols
../string/strcpy.ols
../string/strcspn.ols
../string/strdup.ols
../stdlib/malloc.ols
../stdlib/free.ols
../string/strerror.ols
../string/strlwr.ols
../string/strncat.ols
../string/strncmp.ols
../string/strrchr.ols
../string/strstr.ols
../string/strtok.ols
../string/strpbrk.ols
../string/strspn.ols
../string/strupr.ols
../string/strxfrm.ols
../string/strlen.ols
../string/swapmem.ols
../time/clock.ols
../time/ctime.ols
../time/asctime.ols
../stdio/sprintf.ols
../stdio/_format.ols
../time/gmtime.ols
../stdlib/atoi.ols
../misc/ctype.ols
../time/strftime.ols
../stdlib/getenv.ols
../string/strcat.ols
../string/strncpy.ols
../time/mktime.ols
../misc/lmul.ols
../time/localtim.ols
../misc/ldiv.ols
../time/time.ols
../rom68/_main.ols
../stdlib/exit.ols
../rom68/close.ols
../rom68/_close.ols
../rom68/ioctl.ols
../rom68/_ioctl.ols
../rom68/isatty.ols
../rom68/_isatty.ols
../rom68/lseek.ols
../rom68/_lseek.ols
../rom68/open.ols
../rom68/_open.ols
../rom68/read.ols
../rom68/_read.ols
../rom68/_rename.ols
../rom68/sbrk.ols
../rom68/stkchk.ols
../rom68/unlink.ols
../rom68/_unlink.ols
../rom68/write.ols
../rom68/_write.ols
../rom68/_exit.ols
../rom68/rom68.ols
