../misc/assert.oss
../misc/isalnum.oss
../misc/isalpha.oss
../misc/isascii.oss
../misc/iscntrl.oss
../misc/isdigit.oss
../misc/isgraph.oss
../misc/islower.oss
../misc/isprint.oss
../misc/ispunct.oss
../misc/isspace.oss
../misc/isupper.oss
../misc/isxdigit.oss
../misc/peek.oss
../misc/setjmp.oss
../misc/setlocal.oss
../misc/localeco.oss
../misc/toupper.oss
../stdio/clearerr.oss
../stdio/fdopen.oss
../stdio/feof.oss
../stdio/ferror.oss
../stdio/fgetc.oss
../stdio/fgetpos.oss
../stdio/fgets.oss
../stdio/format.oss
../stdio/fprintf.oss
../stdio/fread.oss
../stdio/freopen.oss
../stdio/fsetpos.oss
../stdio/ftell.oss
../stdio/fwrite.oss
../stdio/getchar.oss
../stdio/gets.oss
../stdio/getw.oss
../stdio/perror.oss
../stdio/fputs.oss
../stdio/printf.oss
../stdio/putchar.oss
../stdio/puts.oss
../stdio/putw.oss
../stdio/rename.oss
../stdio/rewind.oss
../stdio/fseek.oss
../stdio/scanf.oss
../stdio/fscanf.oss
../stdio/filbuf.oss
../stdio/setbuf.oss
../stdio/setvbuf.oss
../stdio/sscanf.oss
../stdio/scan.oss
../stdio/tmpfile.oss
../stdio/tmpnam.oss
../stdio/fopen.oss
../stdio/fileopen.oss
../stdio/remove.oss
../stdio/ungetc.oss
../stdio/vfprintf.oss
../stdio/vprintf.oss
../stdio/fputc.oss
../stdio/fclose.oss
../stdio/getbuf.oss
../stdio/vsprintf.oss
../stdlib/abort.oss
../misc/signal.oss
../stdlib/abs.oss
../stdlib/atexit.oss
../stdlib/atol.oss
../stdlib/bsearch.oss
../stdlib/calloc.oss
../stdlib/div.oss
../stdlib/labs.oss
../stdlib/ldiv.oss
../stdlib/mblen.oss
../stdlib/mbstowcs.oss
../stdlib/mbtowc.oss
../stdlib/qsort.oss
../stdlib/rand.oss
../stdlib/realloc.oss
../stdlib/strtol.oss
../stdlib/strtoul.oss
../misc/tolower.oss
../stdlib/system.oss
../stdlib/wcstombs.oss
../stdlib/wctomb.oss
../string/index.oss
../string/memchr.oss
../string/memcmp.oss
../string/memcpy.oss
../string/memmove.oss
../string/memset.oss
../string/movmem.oss
../string/rindex.oss
../string/setmem.oss
../string/strchr.oss
../string/strcmp.oss
../string/strcoll.oss
../string/strcpy.oss
../string/strcspn.oss
../string/strdup.oss
../stdlib/malloc.oss
../stdlib/free.oss
../string/strerror.oss
../string/strncat.oss
../string/strncmp.oss
../string/strrchr.oss
../string/strstr.oss
../string/strtok.oss
../string/strpbrk.oss
../string/strspn.oss
../string/strxfrm.oss
../string/strlen.oss
../string/swapmem.oss
../string/strlwr.oss
../string/strupr.oss
../string/stricmp.oss
../string/strnicmp.oss
../time/clock.oss
../time/ctime.oss
../time/asctime.oss
../stdio/sprintf.oss
../stdio/_format.oss
../time/gmtime.oss
../stdlib/atoi.oss
../misc/ctype.oss
../time/strftime.oss
../stdlib/getenv.oss
../string/strcat.oss
../string/strncpy.oss
../time/mktime.oss
../misc/lmul.oss
../time/localtim.oss
../misc/ldiv.oss
../time/time.oss
../rom68/_main.oss
../stdlib/exit.oss
../rom68/close.oss
../rom68/_close.oss
../rom68/ioctl.oss
../rom68/_ioctl.oss
../rom68/isatty.oss
../rom68/_isatty.oss
../rom68/lseek.oss
../rom68/_lseek.oss
../rom68/open.oss
../rom68/_open.oss
../rom68/read.oss
../rom68/_read.oss
../rom68/_rename.oss
../rom68/sbrk.oss
../rom68/stkchk.oss
../rom68/unlink.oss
../rom68/_unlink.oss
../rom68/write.oss
../rom68/_write.oss
../rom68/_exit.oss
../rom68/rom68.oss
