../misc/assert.oll
../misc/isalnum.oll
../misc/isalpha.oll
../misc/isascii.oll
../misc/iscntrl.oll
../misc/isdigit.oll
../misc/isgraph.oll
../misc/islower.oll
../misc/isprint.oll
../misc/ispunct.oll
../misc/isspace.oll
../misc/isupper.oll
../misc/isxdigit.oll
../misc/peek.oll
../misc/setjmp.oll
../misc/setlocal.oll
../misc/localeco.oll
../misc/toupper.oll
../stdio/clearerr.oll
../stdio/fdopen.oll
../stdio/feof.oll
../stdio/ferror.oll
../stdio/fgetc.oll
../stdio/fgetpos.oll
../stdio/fgets.oll
../stdio/format.oll
../stdio/fprintf.oll
../stdio/fread.oll
../stdio/freopen.oll
../stdio/fsetpos.oll
../stdio/ftell.oll
../stdio/fwrite.oll
../stdio/getchar.oll
../stdio/gets.oll
../stdio/getw.oll
../stdio/perror.oll
../stdio/fputs.oll
../stdio/printf.oll
../stdio/putchar.oll
../stdio/puts.oll
../stdio/putw.oll
../stdio/rename.oll
../stdio/rewind.oll
../stdio/fseek.oll
../stdio/scanf.oll
../stdio/fscanf.oll
../stdio/filbuf.oll
../stdio/setbuf.oll
../stdio/setvbuf.oll
../stdio/sscanf.oll
../stdio/scan.oll
../stdio/tmpfile.oll
../stdio/tmpnam.oll
../stdio/fopen.oll
../stdio/fileopen.oll
../stdio/remove.oll
../stdio/ungetc.oll
../stdio/vfprintf.oll
../stdio/vprintf.oll
../stdio/fputc.oll
../stdio/fclose.oll
../stdio/getbuf.oll
../stdio/vsprintf.oll
../stdlib/abort.oll
../misc/signal.oll
../stdlib/abs.oll
../stdlib/atexit.oll
../stdlib/atol.oll
../stdlib/bsearch.oll
../stdlib/calloc.oll
../stdlib/div.oll
../stdlib/labs.oll
../stdlib/ldiv.oll
../stdlib/mblen.oll
../stdlib/mbstowcs.oll
../stdlib/mbtowc.oll
../stdlib/qsort.oll
../stdlib/rand.oll
../stdlib/realloc.oll
../stdlib/strtol.oll
../stdlib/strtoul.oll
../misc/tolower.oll
../stdlib/system.oll
../stdlib/wcstombs.oll
../stdlib/wctomb.oll
../string/index.oll
../string/memchr.oll
../string/memcmp.oll
../string/memcpy.oll
../string/memmove.oll
../string/memset.oll
../string/movmem.oll
../string/rindex.oll
../string/setmem.oll
../string/strchr.oll
../string/strcmp.oll
../string/strcoll.oll
../string/strcpy.oll
../string/strcspn.oll
../string/strdup.oll
../stdlib/malloc.oll
../stdlib/free.oll
../string/strerror.oll
../string/strncat.oll
../string/strncmp.oll
../string/strrchr.oll
../string/strstr.oll
../string/strtok.oll
../string/strpbrk.oll
../string/strspn.oll
../string/strxfrm.oll
../string/strlen.oll
../string/swapmem.oll
../string/strlwr.oll
../string/strupr.oll
../string/stricmp.oll
../string/strnicmp.oll
../time/clock.oll
../time/ctime.oll
../time/asctime.oll
../stdio/sprintf.oll
../stdio/_format.oll
../time/gmtime.oll
../stdlib/atoi.oll
../misc/ctype.oll
../time/strftime.oll
../stdlib/getenv.oll
../string/strcat.oll
../string/strncpy.oll
../time/mktime.oll
../misc/lmul.oll
../time/localtim.oll
../misc/ldiv.oll
../time/time.oll
../rom68/_main.oll
../stdlib/exit.oll
../rom68/close.oll
../rom68/_close.oll
../rom68/ioctl.oll
../rom68/_ioctl.oll
../rom68/isatty.oll
../rom68/_isatty.oll
../rom68/lseek.oll
../rom68/_lseek.oll
../rom68/open.oll
../rom68/_open.oll
../rom68/read.oll
../rom68/_read.oll
../rom68/_rename.oll
../rom68/sbrk.oll
../rom68/unlink.oll
../rom68/_unlink.oll
../rom68/write.oll
../rom68/_write.oll
../rom68/_exit.oll
../rom68/rom68.oll
