../misc/assert.osl
../misc/isalnum.osl
../misc/isalpha.osl
../misc/isascii.osl
../misc/iscntrl.osl
../misc/isdigit.osl
../misc/isgraph.osl
../misc/islower.osl
../misc/isprint.osl
../misc/ispunct.osl
../misc/isspace.osl
../misc/isupper.osl
../misc/isxdigit.osl
../misc/peek.osl
../misc/setjmp.osl
../misc/setlocal.osl
../misc/localeco.osl
../misc/toupper.osl
../stdio/clearerr.osl
../stdio/fdopen.osl
../stdio/feof.osl
../stdio/ferror.osl
../stdio/fgetc.osl
../stdio/fgetpos.osl
../stdio/fgets.osl
../stdio/format.osl
../stdio/fprintf.osl
../stdio/fread.osl
../stdio/freopen.osl
../stdio/fsetpos.osl
../stdio/ftell.osl
../stdio/fwrite.osl
../stdio/getchar.osl
../stdio/gets.osl
../stdio/getw.osl
../stdio/perror.osl
../stdio/fputs.osl
../stdio/printf.osl
../stdio/putchar.osl
../stdio/puts.osl
../stdio/putw.osl
../stdio/rename.osl
../stdio/rewind.osl
../stdio/fseek.osl
../stdio/scanf.osl
../stdio/fscanf.osl
../stdio/filbuf.osl
../stdio/setbuf.osl
../stdio/setvbuf.osl
../stdio/sscanf.osl
../stdio/scan.osl
../stdio/tmpfile.osl
../stdio/tmpnam.osl
../stdio/fopen.osl
../stdio/fileopen.osl
../stdio/remove.osl
../stdio/ungetc.osl
../stdio/vfprintf.osl
../stdio/vprintf.osl
../stdio/fputc.osl
../stdio/fclose.osl
../stdio/getbuf.osl
../stdio/vsprintf.osl
../stdlib/abort.osl
../misc/signal.osl
../stdlib/abs.osl
../stdlib/atexit.osl
../stdlib/atol.osl
../stdlib/bsearch.osl
../stdlib/calloc.osl
../stdlib/div.osl
../stdlib/labs.osl
../stdlib/ldiv.osl
../stdlib/mblen.osl
../stdlib/mbstowcs.osl
../stdlib/mbtowc.osl
../stdlib/qsort.osl
../stdlib/rand.osl
../stdlib/realloc.osl
../stdlib/strtol.osl
../stdlib/strtoul.osl
../misc/tolower.osl
../stdlib/system.osl
../stdlib/wcstombs.osl
../stdlib/wctomb.osl
../string/index.osl
../string/memchr.osl
../string/memcmp.osl
../string/memcpy.osl
../string/memmove.osl
../string/memset.osl
../string/movmem.osl
../string/rindex.osl
../string/setmem.osl
../string/strchr.osl
../string/strcmp.osl
../string/strcoll.osl
../string/strcpy.osl
../string/strcspn.osl
../string/strdup.osl
../stdlib/malloc.osl
../stdlib/free.osl
../string/strerror.osl
../string/strncat.osl
../string/strncmp.osl
../string/strrchr.osl
../string/strstr.osl
../string/strtok.osl
../string/strpbrk.osl
../string/strspn.osl
../string/strxfrm.osl
../string/strlen.osl
../string/swapmem.osl
../string/strlwr.osl
../string/strupr.osl
../string/stricmp.osl
../string/strnicmp.osl
../time/clock.osl
../time/ctime.osl
../time/asctime.osl
../stdio/sprintf.osl
../stdio/_format.osl
../time/gmtime.osl
../stdlib/atoi.osl
../misc/ctype.osl
../time/strftime.osl
../stdlib/getenv.osl
../string/strcat.osl
../string/strncpy.osl
../time/mktime.osl
../misc/lmul.osl
../time/localtim.osl
../misc/ldiv.osl
../time/time.osl
../rom68/_main.osl
../stdlib/exit.osl
../rom68/close.osl
../rom68/_close.osl
../rom68/ioctl.osl
../rom68/_ioctl.osl
../rom68/isatty.osl
../rom68/_isatty.osl
../rom68/lseek.osl
../rom68/_lseek.osl
../rom68/open.osl
../rom68/_open.osl
../rom68/read.osl
../rom68/_read.osl
../rom68/_rename.osl
../rom68/sbrk.osl
../rom68/stkchk.osl
../rom68/unlink.osl
../rom68/_unlink.osl
../rom68/write.osl
../rom68/_write.osl
../rom68/_exit.osl
../rom68/rom68.osl
