../stdio/format.mls
../stdio/fprintf.mls
../stdio/printf.mls
../stdio/sscanf.mls
../stdio/scanf.mls
../stdio/fscanf.mls
../stdio/scan.mls
../stdio/vfprintf.mls
../stdio/vprintf.mls
../stdio/vsprintf.mls
../stdio/sprintf.mls
../stdio/_format.mls
../stdlib/atof.mls
../stdlib/ftoa.mls
../stdlib/strtod.mls
../stdlib/strtold.mls
../time/difftime.mls
../mx_ieee/dtox.mls
../mx_ieee/floats.mls
../mx_ieee/dtof.mls
../mx_ieee/ftod.mls
../mx_ieee/ftox.mls
../mx_ieee/x80to96.mls
../mx_ieee/x96to80.mls
../mx_ieee/xflt68.mls
../mx_ieee/xtod.mls
../mx_ieee/xtof.mls
../mx_ieee/regs.mls
../mx_ieee/asin.mls
../mx_ieee/atan.mls
../mx_ieee/floor.mls
../mx_ieee/fmod.mls
../mx_ieee/pow.mls
../mx_ieee/log.mls
../mx_ieee/random.mls
../mx_ieee/sin.mls
../mx_ieee/sinh.mls
../mx_ieee/sqrt.mls
../mx_ieee/frexp.mls
../mx_ieee/tan.mls
../mx_ieee/modf.mls
../mx_ieee/tanh.mls
../mx_ieee/exp.mls
../mx_ieee/fabs.mls
../mx_ieee/flt68.mls
../mx_ieee/ldexp.mls
