../stdio/format.8ss
../stdio/fprintf.8ss
../stdio/printf.8ss
../stdio/sscanf.8ss
../stdio/scanf.8ss
../stdio/fscanf.8ss
../stdio/scan.8ss
../stdio/vfprintf.8ss
../stdio/vprintf.8ss
../stdio/vsprintf.8ss
../stdio/sprintf.8ss
../stdio/_format.8ss
../stdlib/atof.8ss
../stdlib/ftoa.8ss
../stdlib/strtod.8ss
../stdlib/strtold.8ss
../time/difftime.8ss
../m881/atan2.8ss
../m881/floor.8ss
../m881/pow.8ss
../m881/random.8ss
../m881/fabs.8ss
../m881/fmod.8ss
../m881/frexp.8ss
../m881/ldexp.8ss
../m881/modf.8ss
../m881/tran.8ss
../m881/xflt68.8ss
