../stdio/format.8ll
../stdio/fprintf.8ll
../stdio/printf.8ll
../stdio/sscanf.8ll
../stdio/scanf.8ll
../stdio/fscanf.8ll
../stdio/scan.8ll
../stdio/vfprintf.8ll
../stdio/vprintf.8ll
../stdio/vsprintf.8ll
../stdio/sprintf.8ll
../stdio/_format.8ll
../stdlib/atof.8ll
../stdlib/ftoa.8ll
../stdlib/strtod.8ll
../stdlib/strtold.8ll
../time/difftime.8ll
../m881/atan2.8ll
../m881/floor.8ll
../m881/pow.8ll
../m881/random.8ll
../m881/fabs.8ll
../m881/fmod.8ll
../m881/frexp.8ll
../m881/ldexp.8ll
../m881/modf.8ll
../m881/tran.8ll
../m881/xflt68.8ll
