../stdio/format.mll
../stdio/fprintf.mll
../stdio/printf.mll
../stdio/sscanf.mll
../stdio/scanf.mll
../stdio/fscanf.mll
../stdio/scan.mll
../stdio/vfprintf.mll
../stdio/vprintf.mll
../stdio/vsprintf.mll
../stdio/sprintf.mll
../stdio/_format.mll
../stdlib/atof.mll
../stdlib/ftoa.mll
../stdlib/strtod.mll
../stdlib/strtold.mll
../time/difftime.mll
../mx_ieee/dtox.mll
../mx_ieee/floats.mll
../mx_ieee/dtof.mll
../mx_ieee/ftod.mll
../mx_ieee/ftox.mll
../mx_ieee/x80to96.mll
../mx_ieee/x96to80.mll
../mx_ieee/xflt68.mll
../mx_ieee/xtod.mll
../mx_ieee/xtof.mll
../mx_ieee/regs.mll
../mx_ieee/asin.mll
../mx_ieee/atan.mll
../mx_ieee/floor.mll
../mx_ieee/fmod.mll
../mx_ieee/pow.mll
../mx_ieee/log.mll
../mx_ieee/random.mll
../mx_ieee/sin.mll
../mx_ieee/sinh.mll
../mx_ieee/sqrt.mll
../mx_ieee/frexp.mll
../mx_ieee/tan.mll
../mx_ieee/modf.mll
../mx_ieee/tanh.mll
../mx_ieee/exp.mll
../mx_ieee/fabs.mll
../mx_ieee/flt68.mll
../mx_ieee/ldexp.mll
